INFO  [alembic.runtime.migration] Context impl PostgresqlImpl.
INFO  [alembic.runtime.migration] Will assume transactional DDL.
INFO  [alembic.runtime.migration] Running upgrade  -> 0001, Initial schema — all tables migrated from SQLite to Postgres.
INFO  [alembic.runtime.migration] Running upgrade 0001 -> 0002, Add search_vector tsvector column to chunks.
INFO  [alembic.runtime.migration] Running upgrade 0002 -> 0003, Add sources JSONB column to messages.
INFO  [alembic.runtime.migration] Running upgrade 0003 -> 0004, Add channel_id and channel_title columns to videos.
INFO  [alembic.runtime.migration] Running upgrade 0004 -> 0005, Add multi-source-type support to videos/chunks + Circle membership flag on users.
INFO  [alembic.runtime.migration] Running upgrade 0005 -> 0006, Add owner-scoped patients and dental evolutions.
INFO  [alembic.runtime.migration] Running upgrade 0006 -> 0007, Add isolated Clinical Assistant persistence.
INFO  [alembic.runtime.migration] Running upgrade 0007 -> 0008, Enforce single pending proposal per thread and single user message per turn.
INFO  [alembic.runtime.migration] Running upgrade 0008 -> 0009, Persist the per-user voice transcription window.
INFO  [alembic.runtime.migration] Running upgrade 0009 -> 0010, Persist the review artifact produced by each clinical turn.
INFO  [alembic.runtime.migration] Running upgrade 0010 -> 0011, Persist terminal outcomes for idempotent clinical turn replay.
INFO  [alembic.runtime.migration] Running upgrade 0011 -> 0012, Add Google provider identities and relax users.password_hash.
INFO  [alembic.runtime.migration] Running upgrade 0012 -> 0013, Add Google Drive connection and OAuth-transaction tables.
INFO  [alembic.runtime.migration] Running upgrade 0013 -> 0014, Add durable assistant-message termination semantics.
INFO  [alembic.runtime.migration] Running upgrade 0014 -> 0015, Add durable Google Drive evolution export lineage.
INFO  [alembic.runtime.migration] Running upgrade 0015 -> 0016, Use Spanish default title for new conversations.
INFO  [alembic.runtime.migration] Running upgrade 0016 -> 0017, Add structured context to clinical messages.
INFO  [alembic.runtime.migration] Running upgrade 0017 -> 0018, Add the versioned clinical terminology catalog.
INFO  [alembic.runtime.migration] Running upgrade 0018 -> 0019, Persist typed clinical read results alongside assistant messages.
INFO  [alembic.runtime.migration] Running upgrade 0019 -> 0020, Add optional patient contact without changing existing rows.
INFO  [alembic.runtime.migration] Running upgrade 0020 -> 0021, Add owner-scoped patient notes and append-only revisions.
INFO  [alembic.runtime.migration] Running upgrade 0021 -> 0022, Expand-only manual tooth conditions and append-only revisions.
INFO  [alembic.runtime.migration] Running upgrade 0022 -> 0023, Retain the failed turn associated with a clinical retry.
INFO  [alembic.runtime.migration] Running upgrade 0023 -> 0024, Expand manual conditions with atomic error correction and stable receipts.
