[33mThe CJS build of Vite's Node API is deprecated. See https://vite.dev/guide/troubleshooting.html#vite-cjs-node-api-deprecated for more details.[39m
[36mvite v5.4.21 [32mbuilding for production...[36m[39m
[33m
[1m(!)[22m outDir [37m[2mC:\Users\nenri\OneDrive\Desktop\proyectos\pry-ai-evaluator\ai-tutor\docs\design\audits\assistant-2026-10-09\evidence\build-parity[22m[33m is not inside project root and will not be emptied.
Use --emptyOutDir to override.
[39m
transforming...
(node:18916) [MODULE_TYPELESS_PACKAGE_JSON] Warning: Module type of file:///C:/Users/nenri/OneDrive/Desktop/proyectos/pry-ai-evaluator/ai-tutor/app/frontend/postcss.config.js is not specified and it doesn't parse as CommonJS.
Reparsing as ES module because module syntax was detected. This incurs a performance overhead.
To eliminate this warning, add "type": "module" to C:\Users\nenri\OneDrive\Desktop\proyectos\pry-ai-evaluator\ai-tutor\app\frontend\package.json.
(Use `node --trace-warnings ...` to show where the warning was created)
Browserslist: browsers data (caniuse-lite) is 6 months old. Please run:
  npx update-browserslist-db@latest
  Why you should do it regularly: https://github.com/browserslist/update-db#readme
[32m✓[39m 3780 modules transformed.
rendering chunks...
computing gzip size...
[2m../../docs/design/audits/assistant-2026-10-09/evidence/build-parity/[22m[32mindex.html                 [39m[1m[2m    0.80 kB[22m[1m[22m[2m │ gzip:   0.44 kB[22m
[2m../../docs/design/audits/assistant-2026-10-09/evidence/build-parity/[22m[35massets/index-BzakEpcP.css  [39m[1m[2m  138.62 kB[22m[1m[22m[2m │ gzip:  24.34 kB[22m
[2m../../docs/design/audits/assistant-2026-10-09/evidence/build-parity/[22m[36massets/index-C3Y2UvuD.js   [39m[1m[33m  630.37 kB[39m[22m[2m │ gzip: 229.56 kB[22m
[2m../../docs/design/audits/assistant-2026-10-09/evidence/build-parity/[22m[36massets/index-CNNUBSZj.js   [39m[1m[33m1,122.86 kB[39m[22m[2m │ gzip: 336.56 kB[22m
[33m
(!) Some chunks are larger than 500 kB after minification. Consider:
- Using dynamic import() to code-split the application
- Use build.rollupOptions.output.manualChunks to improve chunking: https://rollupjs.org/configuration-options/#output-manualchunks
- Adjust chunk size limit for this warning via build.chunkSizeWarningLimit.[39m
[32m✓ built in 10.23s[39m
